// Jest Snapshot v1, https://goo.gl/fbAQLP

exports[`Logo.vue matches snapshot 1`] = `
<div role="banner" class="Logo">
  <nuxtlink-stub to="/" arialabel="Homepage" aria-label="Homepage">
    <h1>La Discothèque</h1> <img src="/img/svg/logo-notfinal.svg" alt="Logo - La Discothèque">
  </nuxtlink-stub>
</div>
`;
