// Jest Snapshot v1, https://goo.gl/fbAQLP

exports[`Sidebar.vue matches snapshot 1`] = `
<div role="navigation" class="Sidebar">
  <logo-stub></logo-stub>
  <ul class="Sidebar__Container">
    <li class="Sidebar__Group"><a tag="div" to="/collection" class="Sidebar__Link"><a>Collection</a></a> <a tag="div" to="/wishlist" class="Sidebar__Link"><a>Wishlist</a></a></li> <a tag="li" to="/about" class="Sidebar__Link"><a>About</a></a>
  </ul>
</div>
`;
